 gcc -g p3original.c;./a.out
enter the value of n
6
sum is 21 
 gdb a.out
GNU gdb (Ubuntu 8.1.1-0ubuntu1) 8.1.1
Copyright (C) 2018 Free Software Foundation, Inc.
License GPLv3+: GNU GPL version 3 or later <http://gnu.org/licenses/gpl.html>
This is free software: you are free to change and redistribute it.
There is NO WARRANTY, to the extent permitted by law.  Type "show copying"
and "show warranty" for details.
This GDB was configured as "x86_64-linux-gnu".
Type "show configuration" for configuration details.
For bug reporting instructions, please see:
<http://www.gnu.org/software/gdb/bugs/>.
Find the GDB manual and other documentation resources online at:
<http://www.gnu.org/software/gdb/documentation/>.
For help, type "help".
Type "apropos word" to search for commands related to "word"...
Reading symbols from a.out...done.
(gdb) b main
Breakpoint 1 at 0x818: file p3original.c, line 25.
(gdb) r
Starting program: /home/runner/pps-IA1-practice/a.out 
warning: Error disabling address space randomization: Operation not permitted

Breakpoint 1, main () at p3original.c:25
25      n=input();
(gdb) n
enter the value of n
6
26      sum=add(n);
(gdb) s
add (n=6) at p3original.c:11
11   int sum=0,i;
(gdb) p
The history is empty.
(gdb) c
Continuing.
sum is 21[Inferior 1 (process 968) exited normally]
(gdb) l
6     scanf("%d",&n);
7     return n;
8     }
9     int add(int n)
10    {
11   int sum=0,i;
12      for(i=1;i<=n;i++)
13      {
14        sum=sum+i;
15      }
(gdb) 